
> nv0-veridion-cleanroom@1.0.0-commercial-final-100-score-phase76-phase77-phase100 check:pages
> node scripts/check-page-integrity.mjs

{
  "ok": true,
  "mappedRouteCount": 33,
  "checked": [
    {
      "route": "/",
      "area": "public",
      "slug": "home",
      "ok": true
    },
    {
      "route": "/guides",
      "area": "public",
      "slug": "guides",
      "ok": true
    },
    {
      "route": "/resources",
      "area": "public",
      "slug": "guides",
      "ok": true
    },
    {
      "route": "/board",
      "area": "public",
      "slug": "board",
      "ok": true
    },
    {
      "route": "/board/post",
      "area": "public",
      "slug": "board",
      "ok": true
    },
    {
      "route": "/cases",
      "area": "public",
      "slug": "board",
      "ok": true
    },
    {
      "route": "/documents",
      "area": "public",
      "slug": "documents",
      "ok": true
    },
    {
      "route": "/policy-documents",
      "area": "public",
      "slug": "documents",
      "ok": true
    },
    {
      "route": "/solutions",
      "area": "public",
      "slug": "solutions",
      "ok": true
    },
    {
      "route": "/service",
      "area": "public",
      "slug": "solutions",
      "ok": true
    },
    {
      "route": "/products",
      "area": "public",
      "slug": "plans",
      "ok": true
    },
    {
      "route": "/demo",
      "area": "public",
      "slug": "demo",
      "ok": true
    },
    {
      "route": "/products/veridion/demo",
      "area": "public",
      "slug": "veridion-demo",
      "ok": true
    },
    {
      "route": "/plans",
      "area": "public",
      "slug": "plans",
      "ok": true
    },
    {
      "route": "/checkout",
      "area": "public",
      "slug": "checkout",
      "ok": true
    },
    {
      "route": "/portal",
      "area": "public",
      "slug": "portal",
      "ok": true
    },
    {
      "route": "/auth",
      "area": "public",
      "slug": "auth",
      "ok": true
    },
    {
      "route": "/terms",
      "area": "public",
      "slug": "terms",
      "ok": true
    },
    {
      "route": "/privacy",
      "area": "public",
      "slug": "privacy",
      "ok": true
    },
    {
      "route": "/refund",
      "area": "public",
      "slug": "refund",
      "ok": true
    },
    {
      "route": "/business-info",
      "area": "public",
      "slug": "business-info",
      "ok": true
    },
    {
      "route": "/admin",
      "area": "admin",
      "slug": "gate",
      "ok": true
    },
    {
      "route": "/admin/console",
      "area": "admin",
      "slug": "console",
      "ok": true
    },
    {
      "route": "/admin/orders",
      "area": "admin",
      "slug": "orders",
      "ok": true
    },
    {
      "route": "/admin/publications",
      "area": "admin",
      "slug": "publications",
      "ok": true
    },
    {
      "route": "/admin/library",
      "area": "admin",
      "slug": "library",
      "ok": true
    },
    {
      "route": "/admin/settings",
      "area": "admin",
      "slug": "settings",
      "ok": true
    },
    {
      "route": "/admin/diagnostics",
      "area": "admin",
      "slug": "diagnostics",
      "ok": true
    },
    {
      "route": "/admin/console/orders",
      "area": "admin",
      "slug": "orders",
      "ok": true
    },
    {
      "route": "/admin/console/publications",
      "area": "admin",
      "slug": "publications",
      "ok": true
    },
    {
      "route": "/admin/console/library",
      "area": "admin",
      "slug": "library",
      "ok": true
    },
    {
      "route": "/admin/console/settings",
      "area": "admin",
      "slug": "settings",
      "ok": true
    },
    {
      "route": "/admin/console/diagnostics",
      "area": "admin",
      "slug": "diagnostics",
      "ok": true
    }
  ],
  "errors": []
}
