
> nv0-veridion-cleanroom@1.0.0-commercial-final-100-score-phase76-phase77-phase100 check:no-debug-client
> node scripts/check-no-debug-client.mjs

{
  "ok": true,
  "checkedCount": 22,
  "checked": [
    "apps/public/auth/app.js",
    "apps/public/board/app.js",
    "apps/public/business-info/app.js",
    "apps/public/checkout/app.js",
    "apps/public/demo/app.js",
    "apps/public/documents/app.js",
    "apps/public/guides/app.js",
    "apps/public/home/app.js",
    "apps/public/plans/app.js",
    "apps/public/portal/app.js",
    "apps/public/privacy/app.js",
    "apps/public/refund/app.js",
    "apps/public/solutions/app.js",
    "apps/public/terms/app.js",
    "apps/public/veridion-demo/app.js",
    "apps/admin/console/app.js",
    "apps/admin/diagnostics/app.js",
    "apps/admin/gate/app.js",
    "apps/admin/library/app.js",
    "apps/admin/orders/app.js",
    "apps/admin/publications/app.js",
    "apps/admin/settings/app.js"
  ],
  "failures": []
}
